thread '<unnamed>' panicked at marker_uilints/src/lib.rs
free ice cream for everyone!!!
note: run with `RUST_BACKTRACE=1` environment variable to display a backtrace
fatal runtime error: Rust cannot catch foreign exceptions
