warning: printing item
  |
  = note: Mod(
              ModItem {
                  data: CommonItemData {
                      id: ItemId(..),
                      span: SpanId(..),
                      vis: Visibility {
                          span: None,
                          sem: Visibility {
                              _lifetime: PhantomData<&()>,
                              kind: DefaultPub,
                          },
                      },
                      ident: Ident {
                          name: "print_me_root_module",
                          span: $DIR/print_me_root_module.rs:1:1 - 1:1,
                      },
                  },
                  items: [
                      Fn(
                          FnItem {
                              data: CommonItemData {
                                  id: ItemId(..),
                                  span: SpanId(..),
                                  vis: Visibility {
                                      span: None,
                                      sem: Visibility {
                                          _lifetime: PhantomData<&()>,
                                          kind: Default(
                                              ItemId(..),
                                          ),
                                      },
                                  },
                                  ident: Ident {
                                      name: "main",
                                      span: $DIR/print_me_root_module.rs:7:4 - 7:8,
                                  },
                              },
                              generics: GenericParams {
                                  params: [],
                                  clauses: [],
                              },
                              constness: NotConst,
                              syncness: Sync,
                              safety: Safe,
                              is_extern: false,
                              has_self: false,
                              abi: Default,
                              params: [],
                              return_ty: None,
                              body_id: Some(
                                  BodyId(..),
                              ),
                          },
                      ),
                  ],
              },
          )
  = note: `#[warn(marker::marker_uilints::test_lint)]` on by default

warning: 1 warning emitted

