warning: expr
 --> $DIR/try_expr.rs:3:5
  |
3 |     Some(21)?;
  |     ^^^^^^^^^
  |
  = note: SpanSource: File(
              FileInfo {
                  file: "$DIR/try_expr.rs",
                  span_src: SpanSrcId(..),
              },
          )
  = note: Snippet: "Some(21)?"
note: the lint level is defined here
 --> $DIR/try_expr.rs:2:12
  |
2 |     #[warn(marker::marker_uilints::print_every_expr)]
  |            ^^^^^^^^^^^^^^^^^^^^^^^^^^^^^^^^^^^^^^^^

warning: expr
 --> $DIR/try_expr.rs:3:5
  |
3 |     Some(21)?;
  |     ^^^^^^^^
  |
  = note: SpanSource: File(
              FileInfo {
                  file: "$DIR/try_expr.rs",
                  span_src: SpanSrcId(..),
              },
          )
  = note: Snippet: "Some(21)"

warning: expr
 --> $DIR/try_expr.rs:3:10
  |
3 |     Some(21)?;
  |          ^^
  |
  = note: SpanSource: File(
              FileInfo {
                  file: "$DIR/try_expr.rs",
                  span_src: SpanSrcId(..),
              },
          )
  = note: Snippet: "21"

warning: expr
  --> $DIR/try_expr.rs:10:5
   |
10 |     x?;
   |     ^^
   |
   = note: SpanSource: File(
               FileInfo {
                   file: "$DIR/try_expr.rs",
                   span_src: SpanSrcId(..),
               },
           )
   = note: Snippet: "x?"
note: the lint level is defined here
  --> $DIR/try_expr.rs:9:12
   |
9  |     #[warn(marker::marker_uilints::print_every_expr)]
   |            ^^^^^^^^^^^^^^^^^^^^^^^^^^^^^^^^^^^^^^^^

warning: expr
  --> $DIR/try_expr.rs:10:5
   |
10 |     x?;
   |     ^
   |
   = note: SpanSource: File(
               FileInfo {
                   file: "$DIR/try_expr.rs",
                   span_src: SpanSrcId(..),
               },
           )
   = note: Snippet: "x"

warning: 5 warnings emitted

